#-----------------------------------------------------------
# Webtalk v2018.2 (64-bit)
# SW Build 2258646 on Thu Jun 14 20:02:38 MDT 2018
# IP Build 2256618 on Thu Jun 14 22:10:49 MDT 2018
# Start of session at: Wed Oct 24 22:25:30 2018
# Process ID: 9962
# Current directory: /home/justin/github/2018_fall_hardware_software_codesign_lab/led_detector/led_detector.sim/sim_1/behav/xsim
# Command line: wbtcv -mode batch -source /home/justin/github/2018_fall_hardware_software_codesign_lab/led_detector/led_detector.sim/sim_1/behav/xsim/xsim.dir/tb_led_switch_behav/webtalk/xsim_webtalk.tcl -notrace
# Log file: /home/justin/github/2018_fall_hardware_software_codesign_lab/led_detector/led_detector.sim/sim_1/behav/xsim/webtalk.log
# Journal file: /home/justin/github/2018_fall_hardware_software_codesign_lab/led_detector/led_detector.sim/sim_1/behav/xsim/webtalk.jou
#-----------------------------------------------------------
source /home/justin/github/2018_fall_hardware_software_codesign_lab/led_detector/led_detector.sim/sim_1/behav/xsim/xsim.dir/tb_led_switch_behav/webtalk/xsim_webtalk.tcl -notrace
